Copyright 1986-2020 Xilinx, Inc. All Rights Reserved.
-----------------------------------------------------------------------------------------------
| Tool Version : Vivado v.2020.2 (lin64) Build 3064766 Wed Nov 18 09:12:47 MST 2020
| Date         : Thu Jan  8 13:30:45 2026
| Host         : goblin-virtual-machine running 64-bit Ubuntu 22.04.5 LTS
| Command      : report_utilization -hierarchical -file top_utilization_hierarchical_synth.rpt
| Design       : top
| Device       : 7z010clg400-1
| Design State : Synthesized
-----------------------------------------------------------------------------------------------

Utilization Design Information

Table of Contents
-----------------
1. Utilization by Hierarchy

1. Utilization by Hierarchy
---------------------------

+-------------------------------------+--------------------------------------------+------------+------------+---------+------+-------+--------+--------+------------+
|               Instance              |                   Module                   | Total LUTs | Logic LUTs | LUTRAMs | SRLs |  FFs  | RAMB36 | RAMB18 | DSP Blocks |
+-------------------------------------+--------------------------------------------+------------+------------+---------+------+-------+--------+--------+------------+
| top                                 |                                      (top) |      11756 |      11734 |       0 |   22 | 10688 |     28 |      1 |         67 |
|   (top)                             |                                      (top) |      10570 |      10549 |       0 |   21 |  9559 |      0 |      1 |         67 |
|   axi_slave                         |                                  axi_slave |         36 |         36 |       0 |    0 |   148 |      0 |      0 |          0 |
|   bus_clk_bridge                    |                             bus_clk_bridge |          2 |          2 |       0 |    0 |    31 |      0 |      0 |          0 |
|   red_pitaya_scope                  |                           red_pitaya_scope |       1140 |       1139 |       0 |    1 |   950 |     28 |      0 |          0 |
|     (red_pitaya_scope)              |                           red_pitaya_scope |        897 |        896 |       0 |    1 |   888 |     28 |      0 |          0 |
|     i_bridge                        |                           bus_clk_bridge_0 |        243 |        243 |       0 |    0 |    62 |      0 |      0 |          0 |
|   system_processing_system7_0_0     |              system_processing_system7_0_0 |          8 |          8 |       0 |    0 |     0 |      0 |      0 |          0 |
|     (system_processing_system7_0_0) |              system_processing_system7_0_0 |          8 |          8 |       0 |    0 |     0 |      0 |      0 |          0 |
|     inst                            | processing_system7_v5_4_processing_system7 |          0 |          0 |       0 |    0 |     0 |      0 |      0 |          0 |
+-------------------------------------+--------------------------------------------+------------+------------+---------+------+-------+--------+--------+------------+


